COPILOT.AI
xxxxxxxxxxx.xxxxxxxxxxx
bingapis.com
a-msedge.net
appcenter.ms
azureedge.net
bing.com
microsoft.com
microsoftapp.net

CHATGPT.AI
xxxxxxxxxxx.xxxxxxxxxxx
chatgpt.com
openai.com

GEMINI.AI
xxxxxxxxxxx.xxxxxxxxxxx
ai.google.dev
alkalimakersuite-pa.clients6.google.com
makersuite.google.com
bard.google.com
deepmind.com
deepmind.google
gemini.google.com
generativeai.google
proactivebackend-pa.googleapis.com
apis.google.com

AISTUDIO.AI
xxxxxxxxxxx.xxxxxxxxxxx
aistudio.google.com
fonts.googleapis.com
fonts.gstatic.com
googleusercontent.com
people-pa.clients6.google.com
waa-pa.clients6.google.com

CLAUDE.AI
xxxxxxxxxxx.xxxxxxxxxxx
claude.ai

GROK.AI
xxxxxxxxxxx.xxxxxxxxxxx
grok.com

xGITHUB.GITx
xxxxxxxxxxx.xxxxxxxxxxx
github.com
githubusercontent.com
githubassets.com
githubcopilot.com
githubusercontent.com

PROTON.VPN
xxxxxxxxxxx.xxxxxxxxxxx
proton.me
protonweb.com

TORRENTS.TOR
xxxxxxxxxxx.xxxxxxxxxxx
rutracker.org
rutracker.cc
rutracker.wiki
nnmclub.to
nnmstatic.win
rutor.org

VLESS.FREE.KEY
xxxxxxxxxxx.xxxxxxxxxxx
vpnkeys.org


OTHER.ENTRIES
xxxxxxxxxxx.xxxxxxxxxxx
supercell.com
seeurlpcl.com
supercellid.com
supercellgames.com
clashroyale.com
brawlstars.com
clash.com
clashofclans.com
x.ai
searchgpt.com
xboxlive.com
gamepass.com
xboxab.com
xboxservices.com
myip.com
4pda.to
habr.com
byteoversea.com
ibytedtos.com
muscdn.com
musical.ly
tik-tokapi.com
tiktok.com
tiktokcdn-us.com
tiktokcdn-eu.com
tiktokcdn.com
tiktokd.net
tiktokd.org
tiktokv.com
tiktokv.us
tiktokw.us
ttwstatic.com
intel.com
intel.se
onetrust.com
